
Running 69 tests using 1 worker

(node:86378) Warning: The 'NO_COLOR' env is ignored due to the 'FORCE_COLOR' env being set.
(Use `node --trace-warnings ...` to show where the warning was created)
  ✓   1 tests/e2e/asset-details.spec.ts:11:1 › context is explicit and missing configuration never blocks calculations (5.6s)
  ✓   2 tests/e2e/asset-details.spec.ts:22:1 › changing assets clears optional context and rejects an earlier mint response (3.9s)
  ✓   3 tests/e2e/asset-details.spec.ts:36:1 › Example never presents fixtures as live enrichment or requests a provider (2.9s)
  ✓   4 tests/e2e/asset-details.spec.ts:43:1 › an open context panel removes liquidity as its provider snapshot expires (3.8s)
  ✓   5 tests/e2e/auth-lifecycle.spec.ts:24:1 › a delayed sign-in cannot replace the guest route or save a session after leaving the form (3.4s)
  ✓   6 tests/e2e/auth-lifecycle.spec.ts:49:1 › an abandoned A response cannot overwrite a newer B session in browser cookies or account UI (6.2s)
  ✓   7 tests/e2e/auth-lifecycle.spec.ts:96:1 › back-to-back submits issue one request and recover after an error (3.0s)
  ✓   8 tests/e2e/brand-kit.spec.ts:4:1 › brand kit provides complete, downloadable social assets (17.0s)
  ✓   9 tests/e2e/cloud-plans.spec.ts:3:1 › account changes clear the previous owner’s plans before a new plan request completes (9.0s)
  ✓  10 tests/e2e/cloud-plans.spec.ts:37:1 › a held plan refresh blocks mutations, then a saved plan survives the next refresh (5.1s)
  ✓  11 tests/e2e/cloud-plans.spec.ts:92:3 › an expired session during refresh clears private plans and preserves the local draft (5.4s)
  ✓  12 tests/e2e/cloud-plans.spec.ts:92:3 › an expired session during save clears private plans and preserves the local draft (8.3s)
  ✓  13 tests/e2e/cloud-plans.spec.ts:92:3 › an expired session during delete clears private plans and preserves the local draft (7.7s)
  ✓  14 tests/e2e/demo-release.spec.ts:6:3 › current narrated films decode, seek and expose matching captions at 390px (21.5s)
  ✓  15 tests/e2e/demo-release.spec.ts:6:3 › current narrated films decode, seek and expose matching captions at 1440px (18.8s)
  ✓  16 tests/e2e/design-media.spec.ts:3:1 › decorative video really decodes, advances, pauses offscreen and has no manual pause control (6.7s)
  ✓  17 tests/e2e/design-media.spec.ts:30:1 › reduced motion loads posters without video sources; autoplay rejection keeps a real fallback (5.4s)
  ✓  18 tests/e2e/design-media.spec.ts:48:1 › decorative players release the old route and use the mobile derivative (6.4s)
  ✓  19 tests/e2e/draft-persistence.spec.ts:5:1 › restores an existing draft and preserves edits when reloaded before any timer runs (8.7s)
  ✓  20 tests/e2e/draft-persistence.spec.ts:31:1 › blocked local storage leaves the planner usable and reports unsaved edits (6.1s)
  ✓  21 tests/e2e/execution-readiness.spec.ts:3:1 › execution reports its disabled server boundary and Example never signs (5.6s)
  ✓  22 tests/e2e/expanded-planner.spec.ts:8:1 › ten-asset plans show batch progress, conserve micro-USDC, export, and persist (13.7s)
  ✓  23 tests/e2e/expanded-planner.spec.ts:48:1 › full catalog can be searched by company and ticker on mobile (5.6s)
  ✓  24 tests/e2e/finish-contribution.spec.ts:6:1 › a guest finds an additional Example asset by company on mobile without a live provider (8.0s)
  ✓  25 tests/e2e/finish-contribution.spec.ts:40:1 › a ten-asset returning draft survives Live to Example and a changed contribution export (8.6s)
  ✓  26 tests/e2e/finish-contribution.spec.ts:66:1 › invalid percentage fields never look complete and numeric differences are exact (4.3s)
  ✓  27 tests/e2e/finish-contribution.spec.ts:83:1 › opening or switching to Example preserves an unsupported draft for explicit repair (4.7s)
  ✓  28 tests/e2e/finish-contribution.spec.ts:99:1 › an expired estimate remains explicitly stale when copied or downloaded (6.5s)
  ✓  29 tests/e2e/judge-readiness.spec.ts:5:1 › a first Live visit cannot leave the linked Example empty (5.7s)
  ✓  30 tests/e2e/judge-readiness.spec.ts:17:1 › replace an asset without losing its weight, split exactly, and reset deliberately (4.8s)
  ✓  31 tests/e2e/judge-readiness.spec.ts:38:1 › mobile estimates reveal numeric results without requiring an extra scroll (3.3s)
  ✓  32 tests/e2e/judge-readiness.spec.ts:48:1 › Live provenance distinguishes pending quotes, a balance snapshot, and expiry (6.8s)
  ✓  33 tests/e2e/landing-layout.spec.ts:3:1 › three contribution previews keep labels, amounts and navigation separate at every layout (10.2s)
  ✓  34 tests/e2e/landing-layout.spec.ts:46:1 › Veloce bottoms align and landscape footer moves below copy at tablet width (3.3s)
  ✓  35 tests/e2e/liquid-glass.spec.ts:15:1 › samples real video pixels, advances frames, has no pause control, and releases its surface on navigation (9.9s)
  ✓  36 tests/e2e/liquid-glass.spec.ts:49:1 › reduced motion uses a refracted still with no video download and does not replay on typing (4.9s)
  ✓  37 tests/e2e/liquid-glass.spec.ts:68:1 › graphics failure keeps native account controls and the guest path usable (3.1s)
  ✓  38 tests/e2e/liquid-glass.spec.ts:85:1 › pauses offscreen and on visibility events, then resumes when the scene returns (5.5s)
  ✓  39 tests/e2e/liquid-glass.spec.ts:113:1 › blocked autoplay offers a real retry while the still and native form remain usable (2.6s)
  ✓  40 tests/e2e/liquid-glass.spec.ts:125:3 › account controls stay in normal flow at 390×844 (3.2s)
  ✓  41 tests/e2e/liquid-glass.spec.ts:125:3 › account controls stay in normal flow at 844×390 (3.1s)
  ✓  42 tests/e2e/liquid-glass.spec.ts:125:3 › account controls stay in normal flow at 720×500 (3.1s)
  ✓  43 tests/e2e/plan-links.spec.ts:7:1 › a copied plan is reviewed before replacing the recipient’s existing draft (13.9s)
  ✓  44 tests/e2e/plan-links.spec.ts:49:1 › Live shares exclude a filled wallet and never request balances or quotes on apply (6.3s)
  ✓  45 tests/e2e/plan-links.spec.ts:75:1 › malformed links and Escape preserve the draft, with an accessible mobile review (4.8s)
  ✓  46 tests/e2e/plan-links.spec.ts:99:1 › browser navigation to another fragment closes a stale shared-plan review (1.9s)
  ✓  47 tests/e2e/plan-links.spec.ts:109:1 › an unverified mint in a valid shared payload never bypasses the Live catalog (1.9s)
  ✓  48 tests/e2e/plan-links.spec.ts:124:1 › a blocked clipboard reports failure without claiming the link was copied (1.7s)
  ✓  49 tests/e2e/plan-links.spec.ts:139:3 › review preserves a previous empty draft and invalid link until consent (2.2s)
  ✓  50 tests/e2e/plan-links.spec.ts:139:3 › review preserves a previous unverified draft and valid link until consent (3.1s)
  ✓  51 tests/e2e/planner.spec.ts:5:1 › Example journey: edit, request, export, persist, and safely hand off (5.9s)
  ✓  52 tests/e2e/planner.spec.ts:65:1 › invalid weights and overprecision are actionable (4.2s)
  ✓  53 tests/e2e/planner.spec.ts:78:1 › core planner is usable by keyboard (4.9s)
  ✓  54 tests/e2e/planner.spec.ts:107:3 › responsive and accessible at 375px (14.4s)
  ✓  55 tests/e2e/planner.spec.ts:107:3 › responsive and accessible at 768px (10.9s)
  ✓  56 tests/e2e/planner.spec.ts:107:3 › responsive and accessible at 1440px (13.1s)
  ✓  57 tests/e2e/planner.spec.ts:123:1 › maximum-precision budgets fit inside the mobile summary panel (3.2s)
  ✓  58 tests/e2e/planner.spec.ts:137:1 › create a three-asset split and export using keyboard controls (13.5s)
  ✓  59 tests/e2e/pwa.spec.ts:5:1 › installation instructions are accessible on mobile and desktop (9.7s)
  ✓  60 tests/e2e/pwa.spec.ts:18:1 › uses the browser install prompt and hides install UI after installation (2.7s)
  ✓  61 tests/e2e/pwa.spec.ts:32:1 › iPhone viewport explains Safari installation without pretending to install (14.4s)
  ✓  62 tests/e2e/pwa.spec.ts:53:1 › blocked offline setup reports unavailable instead of claiming cached readiness (5.2s)
  ✓  63 tests/e2e/pwa.spec.ts:67:1 › offline reload supports real Example math and export without caching live or account data (10.6s)
  ✓  64 tests/e2e/states.spec.ts:11:1 › missing RPC leaves a clear path to the complete Example experience (3.0s)
  ✓  65 tests/e2e/states.spec.ts:20:1 › zero balances, partial failures, insufficient USDC, and invalid wallet remain distinct (4.0s)
  ✓  66 tests/e2e/states.spec.ts:45:1 › late quote response cannot replace a newer budget (4.6s)
  ✓  67 tests/e2e/states.spec.ts:79:1 › no-route and unsupported-scaling estimates never become invented values (6.7s)
  ✓  68 tests/e2e/states.spec.ts:96:1 › provider expiry marks estimates stale and offline mode remains explicit (7.4s)
  ✓  69 tests/e2e/states.spec.ts:115:1 › estimates wait for the holdings read so projections use the completed snapshot (5.7s)

  69 passed (8.2m)
